  [call_to_wheels] call delay 0 s                                 lossGt10    19705 Gt25    11623 xhAdd   13.6s p90   26.6s reg  2.95s emsD 0.0/0.0 top10 10 (9s)
  [call_to_wheels] call delay 48 s                                lossGt10    19705 Gt25    11623 xhAdd   13.6s p90   26.6s reg  2.95s emsD 0.0/0.0 top10 10 (9s)
  [call_to_wheels] call delay 72 s                                lossGt10    19705 Gt25    11623 xhAdd   13.6s p90   26.6s reg  2.95s emsD 0.0/0.0 top10 10 (10s)
  [call_to_wheels] call delay 120 s                               lossGt10    19705 Gt25    11623 xhAdd   13.6s p90   26.6s reg  2.95s emsD 0.0/0.0 top10 10 (10s)
  [speeds] speed x0.8: all edges                          lossGt10    96277 Gt25    33230 xhAdd   17.0s p90   33.2s reg  3.68s emsD 0.0/0.0 top10 8 (18s)
  [speeds] speed x1.2: all edges                          lossGt10     6667 Gt25     1097 xhAdd   11.4s p90   22.1s reg  2.45s emsD 0.0/0.0 top10 9 (25s)
  [speeds] speed x0.8: motorway class                     lossGt10    54882 Gt25    16778 xhAdd   14.7s p90   38.3s reg  2.95s emsD 0.0/0.0 top10 10 (32s)
  [speeds] speed x1.2: motorway class                     lossGt10    11158 Gt25     5617 xhAdd   13.6s p90   24.2s reg  3.16s emsD 0.0/0.0 top10 7 (39s)
  [speeds] speed x0.8: tunnel edges only                  lossGt10    22759 Gt25    12023 xhAdd   15.3s p90   29.5s reg  3.44s emsD 0.0/0.0 top10 10 (45s)
  [speeds] speed x1.2: tunnel edges only                  lossGt10    17510 Gt25    11408 xhAdd   12.6s p90   25.1s reg  2.64s emsD 0.0/0.0 top10 10 (53s)
  [speeds] speed x0.8: surface (non-motorway, non-ramp)   lossGt10    54629 Gt25    14581 xhAdd   16.9s p90   30.6s reg  3.93s emsD 0.0/0.0 top10 7 (59s)
  [speeds] speed x1.2: surface (non-motorway, non-ramp)   lossGt10    11911 Gt25     5536 xhAdd   11.8s p90   29.2s reg  2.36s emsD 0.0/0.0 top10 9 (66s)
  [speeds] speed x0.8: ramps (link class)                 lossGt10    21352 Gt25    12727 xhAdd   13.5s p90   27.0s reg  2.91s emsD 0.0/0.0 top10 10 (73s)
  [speeds] speed x1.2: ramps (link class)                 lossGt10    17964 Gt25    10998 xhAdd   13.7s p90   26.4s reg  2.92s emsD 0.0/0.0 top10 10 (79s)
  [tunnel_penalty] tunnel time x1.25 in BOTH worlds               lossGt10    22759 Gt25    12023 xhAdd   15.3s p90   29.5s reg  3.44s emsD 0.0/0.0 top10 10 (87s)
  [tunnel_penalty] tunnel time x1.25 only AFTER bridge closure (diversion) lossGt10    39893 Gt25    13687 xhAdd   21.0s p90   40.7s reg  7.34s emsD 0.0/0.0 top10 10 (91s)
  [tunnel_penalty] tunnel time x1.5 in BOTH worlds                lossGt10    27307 Gt25    12633 xhAdd   17.0s p90   32.2s reg  4.00s emsD 0.0/0.0 top10 9 (97s)
  [tunnel_penalty] tunnel time x1.5 only AFTER bridge closure (diversion) lossGt10    76221 Gt25    19484 xhAdd   28.1s p90   59.0s reg 11.57s emsD 0.0/0.0 top10 8 (101s)
  [threshold_T] T = 20 min                                     lossGt10   100460 Gt25    77648 xhAdd   13.6s p90   26.6s reg  2.95s emsD 0.0/0.0 top10 7 (101s)
  [threshold_T] T = 24 min                                     lossGt10    96450 Gt25    32995 xhAdd   13.6s p90   26.6s reg  2.95s emsD 0.0/0.0 top10 8 (102s)
  [threshold_T] T = 30 min                                     lossGt10    19705 Gt25    11623 xhAdd   13.6s p90   26.6s reg  2.95s emsD 0.0/0.0 top10 10 (102s)
  [threshold_T] T = 36 min                                     lossGt10     6422 Gt25      934 xhAdd   13.6s p90   26.6s reg  2.95s emsD 0.0/0.0 top10 9 (103s)
  [threshold_T] T = 40 min                                     lossGt10      842 Gt25        0 xhAdd   13.6s p90   26.6s reg  2.95s emsD 0.0/0.0 top10 7 (103s)
  [snap] snap speed 10 km/h                             lossGt10    20598 Gt25    12345 xhAdd   13.6s p90   26.6s reg  2.95s emsD 0.0/0.0 top10 9 (103s)
  [snap] snap speed 16 km/h                             lossGt10    19556 Gt25    12146 xhAdd   13.6s p90   26.6s reg  2.95s emsD 0.0/0.0 top10 10 (104s)
  [snap] snap speed 24 km/h                             lossGt10    19641 Gt25    11590 xhAdd   13.6s p90   26.6s reg  2.95s emsD 0.0/0.0 top10 10 (104s)
  [snap] snap speed 30 km/h                             lossGt10    18665 Gt25    11349 xhAdd   13.6s p90   26.6s reg  2.95s emsD 0.0/0.0 top10 10 (105s)
  [snap] no snap time                                   lossGt10    15810 Gt25    10775 xhAdd   13.6s p90   26.6s reg  2.95s emsD 0.0/0.0 top10 10 (105s)
  [shore] shore: divider shifted -1000 m (north = +)     lossGt10    20666 Gt25    11368 xhAdd   13.8s p90   26.3s reg  2.95s emsD 0.0/0.0 top10 10 (106s)
  [shore] shore: divider shifted -500 m (north = +)      lossGt10    19938 Gt25    11688 xhAdd   13.7s p90   26.4s reg  2.95s emsD 0.0/0.0 top10 10 (106s)
  [shore] shore: divider shifted -250 m (north = +)      lossGt10    19780 Gt25    11623 xhAdd   13.7s p90   26.5s reg  2.95s emsD 0.0/0.0 top10 10 (106s)
  [shore] shore: divider shifted +250 m (north = +)      lossGt10    19633 Gt25    11770 xhAdd   13.6s p90   26.6s reg  2.95s emsD 0.0/0.0 top10 10 (107s)
  [shore] shore: divider shifted +500 m (north = +)      lossGt10    19495 Gt25    11808 xhAdd   13.6s p90   26.6s reg  2.95s emsD 0.0/0.0 top10 10 (107s)
  [shore] shore: divider shifted +1000 m (north = +)     lossGt10    19151 Gt25    11830 xhAdd   13.6s p90   26.9s reg  2.95s emsD 0.0/0.0 top10 10 (108s)
  [shore] shore: ambiguity band 0 m                      lossGt10    19606 Gt25    11623 xhAdd   13.5s p90   26.5s reg  2.95s emsD 0.0/0.0 top10 10 (108s)
  [shore] shore: ambiguity band 500 m                    lossGt10    19806 Gt25    11770 xhAdd   13.7s p90   26.6s reg  2.95s emsD 0.0/0.0 top10 10 (109s)
  [shore] shore: ambiguity band 1000 m                   lossGt10    20440 Gt25    11948 xhAdd   14.0s p90   27.5s reg  2.95s emsD 0.0/0.0 top10 10 (109s)
  [shore] shore: all Baltimore city hexes ambiguous      lossGt10   127163 Gt25    17941 xhAdd   45.0s p90  113.0s reg  2.95s emsD 0.0/0.0 top10 9 (109s)
  [shore_flip] shore: random flip 2% of hexes within 6 km of divider (rep 0) lossGt10    18587 Gt25    11642 xhAdd   13.4s p90   26.7s reg  2.95s emsD 0.0/0.0 top10 10 (110s)
  [shore_flip] shore: random flip 2% of hexes within 6 km of divider (rep 1) lossGt10    18472 Gt25    11119 xhAdd   13.3s p90   26.3s reg  2.95s emsD 0.0/0.0 top10 10 (110s)
  [shore_flip] shore: random flip 2% of hexes within 6 km of divider (rep 2) lossGt10    18380 Gt25    11027 xhAdd   13.4s p90   26.5s reg  2.95s emsD 0.0/0.0 top10 10 (111s)
  [shore_flip] shore: random flip 5% of hexes within 6 km of divider (rep 0) lossGt10    17426 Gt25    10521 xhAdd   12.9s p90   26.4s reg  2.95s emsD 0.0/0.0 top10 10 (111s)
  [shore_flip] shore: random flip 5% of hexes within 6 km of divider (rep 1) lossGt10    17537 Gt25    11314 xhAdd   13.1s p90   27.5s reg  2.95s emsD 0.0/0.0 top10 10 (112s)
  [shore_flip] shore: random flip 5% of hexes within 6 km of divider (rep 2) lossGt10    17554 Gt25    10846 xhAdd   12.9s p90   27.2s reg  2.95s emsD 0.0/0.0 top10 10 (112s)
  [shore_flip] shore: random flip 10% of hexes within 6 km of divider (rep 0) lossGt10    16501 Gt25     9987 xhAdd   12.2s p90   23.7s reg  2.95s emsD 0.0/0.0 top10 10 (112s)
  [shore_flip] shore: random flip 10% of hexes within 6 km of divider (rep 1) lossGt10    16235 Gt25    10439 xhAdd   12.4s p90   26.7s reg  2.95s emsD 0.0/0.0 top10 10 (113s)
  [shore_flip] shore: random flip 10% of hexes within 6 km of divider (rep 2) lossGt10    15382 Gt25     9985 xhAdd   12.2s p90   25.0s reg  2.95s emsD 0.0/0.0 top10 10 (113s)
  [corner] corner A: speeds -20%, tunnels x1.5, T=24 min, snap 16 lossGt10   106287 Gt25    88838 xhAdd   21.3s p90   40.2s reg  5.00s emsD 0.0/0.0 top10 6 (121s)
  [corner] corner B: speeds +20%, T=36 min, snap 24       lossGt10        9 Gt25        0 xhAdd   11.4s p90   22.1s reg  2.45s emsD 0.0/0.0 top10 7 (128s)
  [corner] corner C: speeds -20%, T=36 min                lossGt10    24230 Gt25    13283 xhAdd   17.0s p90   33.2s reg  3.68s emsD 0.0/0.0 top10 10 (135s)
  [corner] corner D: speeds +20%, tunnels x1.0, T=24 min  lossGt10    25090 Gt25    13468 xhAdd   11.4s p90   22.1s reg  2.45s emsD 0.0/0.0 top10 10 (142s)
  bootstrap 0/200 (142s)
  bootstrap 20/200 (149s)
  bootstrap 40/200 (157s)
  bootstrap 60/200 (163s)
  bootstrap 80/200 (169s)
  bootstrap 100/200 (176s)
  bootstrap 120/200 (182s)
  bootstrap 140/200 (189s)
  bootstrap 160/200 (196s)
  bootstrap 180/200 (202s)
done 208 s
